node_modules/react-hook-form/dist/form.d.ts(1,8): error TS1259: Module '"D:/Figicore/figicore-client/node_modules/@types/react/index"' can only be default-imported using the 'esModuleInterop' flag
node_modules/react-hook-form/dist/types/controller.d.ts(1,13): error TS1259: Module '"D:/Figicore/figicore-client/node_modules/@types/react/index"' can only be default-imported using the 'esModuleInterop' flag
node_modules/react-hook-form/dist/types/form.d.ts(1,13): error TS1259: Module '"D:/Figicore/figicore-client/node_modules/@types/react/index"' can only be default-imported using the 'esModuleInterop' flag
node_modules/react-hook-form/dist/useFormContext.d.ts(1,8): error TS1259: Module '"D:/Figicore/figicore-client/node_modules/@types/react/index"' can only be default-imported using the 'esModuleInterop' flag
node_modules/zod/v3/errors.d.cts(2,8): error TS1259: Module '"D:/Figicore/figicore-client/node_modules/zod/v3/locales/en"' can only be default-imported using the 'esModuleInterop' flag
node_modules/zod/v4/locales/index.d.cts(1,21): error TS1259: Module '"D:/Figicore/figicore-client/node_modules/zod/v4/locales/ar"' can only be default-imported using the 'esModuleInterop' flag
node_modules/zod/v4/locales/index.d.cts(2,21): error TS1259: Module '"D:/Figicore/figicore-client/node_modules/zod/v4/locales/az"' can only be default-imported using the 'esModuleInterop' flag
node_modules/zod/v4/locales/index.d.cts(3,21): error TS1259: Module '"D:/Figicore/figicore-client/node_modules/zod/v4/locales/be"' can only be default-imported using the 'esModuleInterop' flag
node_modules/zod/v4/locales/index.d.cts(4,21): error TS1259: Module '"D:/Figicore/figicore-client/node_modules/zod/v4/locales/bg"' can only be default-imported using the 'esModuleInterop' flag
node_modules/zod/v4/locales/index.d.cts(5,21): error TS1259: Module '"D:/Figicore/figicore-client/node_modules/zod/v4/locales/ca"' can only be default-imported using the 'esModuleInterop' flag
node_modules/zod/v4/locales/index.d.cts(6,21): error TS1259: Module '"D:/Figicore/figicore-client/node_modules/zod/v4/locales/cs"' can only be default-imported using the 'esModuleInterop' flag
node_modules/zod/v4/locales/index.d.cts(7,21): error TS1259: Module '"D:/Figicore/figicore-client/node_modules/zod/v4/locales/da"' can only be default-imported using the 'esModuleInterop' flag
node_modules/zod/v4/locales/index.d.cts(8,21): error TS1259: Module '"D:/Figicore/figicore-client/node_modules/zod/v4/locales/de"' can only be default-imported using the 'esModuleInterop' flag
node_modules/zod/v4/locales/index.d.cts(9,21): error TS1259: Module '"D:/Figicore/figicore-client/node_modules/zod/v4/locales/en"' can only be default-imported using the 'esModuleInterop' flag
node_modules/zod/v4/locales/index.d.cts(10,21): error TS1259: Module '"D:/Figicore/figicore-client/node_modules/zod/v4/locales/eo"' can only be default-imported using the 'esModuleInterop' flag
node_modules/zod/v4/locales/index.d.cts(11,21): error TS1259: Module '"D:/Figicore/figicore-client/node_modules/zod/v4/locales/es"' can only be default-imported using the 'esModuleInterop' flag
node_modules/zod/v4/locales/index.d.cts(12,21): error TS1259: Module '"D:/Figicore/figicore-client/node_modules/zod/v4/locales/fa"' can only be default-imported using the 'esModuleInterop' flag
node_modules/zod/v4/locales/index.d.cts(13,21): error TS1259: Module '"D:/Figicore/figicore-client/node_modules/zod/v4/locales/fi"' can only be default-imported using the 'esModuleInterop' flag
node_modules/zod/v4/locales/index.d.cts(14,21): error TS1259: Module '"D:/Figicore/figicore-client/node_modules/zod/v4/locales/fr"' can only be default-imported using the 'esModuleInterop' flag
node_modules/zod/v4/locales/index.d.cts(15,21): error TS1259: Module '"D:/Figicore/figicore-client/node_modules/zod/v4/locales/fr-CA"' can only be default-imported using the 'esModuleInterop' flag
node_modules/zod/v4/locales/index.d.cts(16,21): error TS1259: Module '"D:/Figicore/figicore-client/node_modules/zod/v4/locales/he"' can only be default-imported using the 'esModuleInterop' flag
node_modules/zod/v4/locales/index.d.cts(17,21): error TS1259: Module '"D:/Figicore/figicore-client/node_modules/zod/v4/locales/hu"' can only be default-imported using the 'esModuleInterop' flag
node_modules/zod/v4/locales/index.d.cts(18,21): error TS1259: Module '"D:/Figicore/figicore-client/node_modules/zod/v4/locales/hy"' can only be default-imported using the 'esModuleInterop' flag
node_modules/zod/v4/locales/index.d.cts(19,21): error TS1259: Module '"D:/Figicore/figicore-client/node_modules/zod/v4/locales/id"' can only be default-imported using the 'esModuleInterop' flag
node_modules/zod/v4/locales/index.d.cts(20,21): error TS1259: Module '"D:/Figicore/figicore-client/node_modules/zod/v4/locales/is"' can only be default-imported using the 'esModuleInterop' flag
node_modules/zod/v4/locales/index.d.cts(21,21): error TS1259: Module '"D:/Figicore/figicore-client/node_modules/zod/v4/locales/it"' can only be default-imported using the 'esModuleInterop' flag
node_modules/zod/v4/locales/index.d.cts(22,21): error TS1259: Module '"D:/Figicore/figicore-client/node_modules/zod/v4/locales/ja"' can only be default-imported using the 'esModuleInterop' flag
node_modules/zod/v4/locales/index.d.cts(23,21): error TS1259: Module '"D:/Figicore/figicore-client/node_modules/zod/v4/locales/ka"' can only be default-imported using the 'esModuleInterop' flag
node_modules/zod/v4/locales/index.d.cts(24,21): error TS1259: Module '"D:/Figicore/figicore-client/node_modules/zod/v4/locales/kh"' can only be default-imported using the 'esModuleInterop' flag
node_modules/zod/v4/locales/index.d.cts(25,21): error TS1259: Module '"D:/Figicore/figicore-client/node_modules/zod/v4/locales/km"' can only be default-imported using the 'esModuleInterop' flag
node_modules/zod/v4/locales/index.d.cts(26,21): error TS1259: Module '"D:/Figicore/figicore-client/node_modules/zod/v4/locales/ko"' can only be default-imported using the 'esModuleInterop' flag
node_modules/zod/v4/locales/index.d.cts(27,21): error TS1259: Module '"D:/Figicore/figicore-client/node_modules/zod/v4/locales/lt"' can only be default-imported using the 'esModuleInterop' flag
node_modules/zod/v4/locales/index.d.cts(28,21): error TS1259: Module '"D:/Figicore/figicore-client/node_modules/zod/v4/locales/mk"' can only be default-imported using the 'esModuleInterop' flag
node_modules/zod/v4/locales/index.d.cts(29,21): error TS1259: Module '"D:/Figicore/figicore-client/node_modules/zod/v4/locales/ms"' can only be default-imported using the 'esModuleInterop' flag
node_modules/zod/v4/locales/index.d.cts(30,21): error TS1259: Module '"D:/Figicore/figicore-client/node_modules/zod/v4/locales/nl"' can only be default-imported using the 'esModuleInterop' flag
node_modules/zod/v4/locales/index.d.cts(31,21): error TS1259: Module '"D:/Figicore/figicore-client/node_modules/zod/v4/locales/no"' can only be default-imported using the 'esModuleInterop' flag
node_modules/zod/v4/locales/index.d.cts(32,21): error TS1259: Module '"D:/Figicore/figicore-client/node_modules/zod/v4/locales/ota"' can only be default-imported using the 'esModuleInterop' flag
node_modules/zod/v4/locales/index.d.cts(33,21): error TS1259: Module '"D:/Figicore/figicore-client/node_modules/zod/v4/locales/ps"' can only be default-imported using the 'esModuleInterop' flag
node_modules/zod/v4/locales/index.d.cts(34,21): error TS1259: Module '"D:/Figicore/figicore-client/node_modules/zod/v4/locales/pl"' can only be default-imported using the 'esModuleInterop' flag
node_modules/zod/v4/locales/index.d.cts(35,21): error TS1259: Module '"D:/Figicore/figicore-client/node_modules/zod/v4/locales/pt"' can only be default-imported using the 'esModuleInterop' flag
node_modules/zod/v4/locales/index.d.cts(36,21): error TS1259: Module '"D:/Figicore/figicore-client/node_modules/zod/v4/locales/ru"' can only be default-imported using the 'esModuleInterop' flag
node_modules/zod/v4/locales/index.d.cts(37,21): error TS1259: Module '"D:/Figicore/figicore-client/node_modules/zod/v4/locales/sl"' can only be default-imported using the 'esModuleInterop' flag
node_modules/zod/v4/locales/index.d.cts(38,21): error TS1259: Module '"D:/Figicore/figicore-client/node_modules/zod/v4/locales/sv"' can only be default-imported using the 'esModuleInterop' flag
node_modules/zod/v4/locales/index.d.cts(39,21): error TS1259: Module '"D:/Figicore/figicore-client/node_modules/zod/v4/locales/ta"' can only be default-imported using the 'esModuleInterop' flag
node_modules/zod/v4/locales/index.d.cts(40,21): error TS1259: Module '"D:/Figicore/figicore-client/node_modules/zod/v4/locales/th"' can only be default-imported using the 'esModuleInterop' flag
node_modules/zod/v4/locales/index.d.cts(41,21): error TS1259: Module '"D:/Figicore/figicore-client/node_modules/zod/v4/locales/tr"' can only be default-imported using the 'esModuleInterop' flag
node_modules/zod/v4/locales/index.d.cts(42,21): error TS1259: Module '"D:/Figicore/figicore-client/node_modules/zod/v4/locales/ua"' can only be default-imported using the 'esModuleInterop' flag
node_modules/zod/v4/locales/index.d.cts(43,21): error TS1259: Module '"D:/Figicore/figicore-client/node_modules/zod/v4/locales/uk"' can only be default-imported using the 'esModuleInterop' flag
node_modules/zod/v4/locales/index.d.cts(44,21): error TS1259: Module '"D:/Figicore/figicore-client/node_modules/zod/v4/locales/ur"' can only be default-imported using the 'esModuleInterop' flag
node_modules/zod/v4/locales/index.d.cts(45,21): error TS1259: Module '"D:/Figicore/figicore-client/node_modules/zod/v4/locales/uz"' can only be default-imported using the 'esModuleInterop' flag
node_modules/zod/v4/locales/index.d.cts(46,21): error TS1259: Module '"D:/Figicore/figicore-client/node_modules/zod/v4/locales/vi"' can only be default-imported using the 'esModuleInterop' flag
node_modules/zod/v4/locales/index.d.cts(47,21): error TS1259: Module '"D:/Figicore/figicore-client/node_modules/zod/v4/locales/zh-CN"' can only be default-imported using the 'esModuleInterop' flag
node_modules/zod/v4/locales/index.d.cts(48,21): error TS1259: Module '"D:/Figicore/figicore-client/node_modules/zod/v4/locales/zh-TW"' can only be default-imported using the 'esModuleInterop' flag
node_modules/zod/v4/locales/index.d.cts(49,21): error TS1259: Module '"D:/Figicore/figicore-client/node_modules/zod/v4/locales/yo"' can only be default-imported using the 'esModuleInterop' flag
src/components/product/CreateProductModal.tsx(6,66): error TS2307: Cannot find module '@/components/ui/dialog' or its corresponding type declarations.
src/components/product/CreateProductModal.tsx(7,24): error TS2307: Cannot find module '@/components/ui/button' or its corresponding type declarations.
src/components/product/CreateProductModal.tsx(8,23): error TS2307: Cannot find module '@/components/ui/input' or its corresponding type declarations.
src/components/product/CreateProductModal.tsx(9,26): error TS2307: Cannot find module '@/components/ui/textarea' or its corresponding type declarations.
src/components/product/CreateProductModal.tsx(10,79): error TS2307: Cannot find module '@/components/ui/select' or its corresponding type declarations.
src/components/product/CreateProductModal.tsx(11,80): error TS2307: Cannot find module '@/components/ui/form' or its corresponding type declarations.
src/components/product/CreateProductModal.tsx(12,30): error TS2307: Cannot find module '@/components/common/PortalSelect' or its corresponding type declarations.
src/components/product/CreateProductModal.tsx(13,33): error TS2307: Cannot find module '@/services/products.service' or its corresponding type declarations.
src/components/product/CreateProductModal.tsx(14,20): error TS2307: Cannot find module '@/lib/utils' or its corresponding type declarations.
src/components/product/CreateProductModal.tsx(49,9): error TS2322: Type 'Resolver<{ name: string; brand_id: number; category_id: number; type_code: "RETAIL" | "BLINDBOX" | "PREORDER"; price: unknown; sku: string; description?: string; media_urls?: string; series_id?: number; barcode?: string; }, any, { ...; }>' is not assignable to type 'Resolver<{ name: string; brand_id: number; category_id: number; type_code: "RETAIL" | "BLINDBOX" | "PREORDER"; price: number; sku: string; description?: string; media_urls?: string; series_id?: number; barcode?: string; }, any, { ...; }>'.
  Types of parameters 'options' and 'options' are incompatible.
    Type 'ResolverOptions<{ name: string; brand_id: number; category_id: number; type_code: "RETAIL" | "BLINDBOX" | "PREORDER"; price: number; sku: string; description?: string; media_urls?: string; series_id?: number; barcode?: string; }>' is not assignable to type 'ResolverOptions<{ name: string; brand_id: number; category_id: number; type_code: "RETAIL" | "BLINDBOX" | "PREORDER"; price: unknown; sku: string; description?: string; media_urls?: string; series_id?: number; barcode?: string; }>'.
      Type 'unknown' is not assignable to type 'number'.
src/components/product/CreateProductModal.tsx(138,9): error TS17004: Cannot use JSX unless the '--jsx' flag is provided.
src/components/product/CreateProductModal.tsx(139,13): error TS17004: Cannot use JSX unless the '--jsx' flag is provided.
src/components/product/CreateProductModal.tsx(140,17): error TS17004: Cannot use JSX unless the '--jsx' flag is provided.
src/components/product/CreateProductModal.tsx(141,21): error TS17004: Cannot use JSX unless the '--jsx' flag is provided.
src/components/product/CreateProductModal.tsx(142,25): error TS17004: Cannot use JSX unless the '--jsx' flag is provided.
src/components/product/CreateProductModal.tsx(148,17): error TS17004: Cannot use JSX unless the '--jsx' flag is provided.
src/components/product/CreateProductModal.tsx(150,25): error TS17004: Cannot use JSX unless the '--jsx' flag is provided.
src/components/product/CreateProductModal.tsx(151,29): error TS17004: Cannot use JSX unless the '--jsx' flag is provided.
src/components/product/CreateProductModal.tsx(156,45): error TS17004: Cannot use JSX unless the '--jsx' flag is provided.
src/components/product/CreateProductModal.tsx(158,29): error TS17004: Cannot use JSX unless the '--jsx' flag is provided.
src/components/product/CreateProductModal.tsx(169,17): error TS17004: Cannot use JSX unless the '--jsx' flag is provided.
src/components/product/CreateProductModal.tsx(170,21): error TS17004: Cannot use JSX unless the '--jsx' flag is provided.
src/components/product/CreateProductModal.tsx(171,25): error TS17004: Cannot use JSX unless the '--jsx' flag is provided.
src/components/product/CreateProductModal.tsx(175,33): error TS17004: Cannot use JSX unless the '--jsx' flag is provided.
src/components/product/CreateProductModal.tsx(176,37): error TS17004: Cannot use JSX unless the '--jsx' flag is provided.
src/components/product/CreateProductModal.tsx(177,41): error TS17004: Cannot use JSX unless the '--jsx' flag is provided.
src/components/product/CreateProductModal.tsx(178,45): error TS17004: Cannot use JSX unless the '--jsx' flag is provided.
src/components/product/CreateProductModal.tsx(178,69): error TS17004: Cannot use JSX unless the '--jsx' flag is provided.
src/components/product/CreateProductModal.tsx(179,45): error TS17004: Cannot use JSX unless the '--jsx' flag is provided.
src/components/product/CreateProductModal.tsx(179,58): error TS17004: Cannot use JSX unless the '--jsx' flag is provided.
src/components/product/CreateProductModal.tsx(180,45): error TS17004: Cannot use JSX unless the '--jsx' flag is provided.
src/components/product/CreateProductModal.tsx(183,37): error TS17004: Cannot use JSX unless the '--jsx' flag is provided.
src/components/product/CreateProductModal.tsx(184,41): error TS17004: Cannot use JSX unless the '--jsx' flag is provided.
src/components/product/CreateProductModal.tsx(185,45): error TS17004: Cannot use JSX unless the '--jsx' flag is provided.
src/components/product/CreateProductModal.tsx(186,45): error TS17004: Cannot use JSX unless the '--jsx' flag is provided.
src/components/product/CreateProductModal.tsx(186,58): error TS17004: Cannot use JSX unless the '--jsx' flag is provided.
src/components/product/CreateProductModal.tsx(187,45): error TS17004: Cannot use JSX unless the '--jsx' flag is provided.
src/components/product/CreateProductModal.tsx(190,37): error TS17004: Cannot use JSX unless the '--jsx' flag is provided.
src/components/product/CreateProductModal.tsx(191,41): error TS17004: Cannot use JSX unless the '--jsx' flag is provided.
src/components/product/CreateProductModal.tsx(192,45): error TS17004: Cannot use JSX unless the '--jsx' flag is provided.
src/components/product/CreateProductModal.tsx(193,45): error TS17004: Cannot use JSX unless the '--jsx' flag is provided.
src/components/product/CreateProductModal.tsx(193,58): error TS17004: Cannot use JSX unless the '--jsx' flag is provided.
src/components/product/CreateProductModal.tsx(194,45): error TS17004: Cannot use JSX unless the '--jsx' flag is provided.
src/components/product/CreateProductModal.tsx(202,33): error TS17004: Cannot use JSX unless the '--jsx' flag is provided.
src/components/product/CreateProductModal.tsx(203,37): error TS17004: Cannot use JSX unless the '--jsx' flag is provided.
src/components/product/CreateProductModal.tsx(204,41): error TS17004: Cannot use JSX unless the '--jsx' flag is provided.
src/components/product/CreateProductModal.tsx(205,41): error TS17004: Cannot use JSX unless the '--jsx' flag is provided.
src/components/product/CreateProductModal.tsx(208,37): error TS17004: Cannot use JSX unless the '--jsx' flag is provided.
src/components/product/CreateProductModal.tsx(209,41): error TS17004: Cannot use JSX unless the '--jsx' flag is provided.
src/components/product/CreateProductModal.tsx(210,45): error TS17004: Cannot use JSX unless the '--jsx' flag is provided.
src/components/product/CreateProductModal.tsx(210,62): error TS17004: Cannot use JSX unless the '--jsx' flag is provided.
src/components/product/CreateProductModal.tsx(211,45): error TS17004: Cannot use JSX unless the '--jsx' flag is provided.
src/components/product/CreateProductModal.tsx(217,45): error TS17004: Cannot use JSX unless the '--jsx' flag is provided.
src/components/product/CreateProductModal.tsx(221,37): error TS17004: Cannot use JSX unless the '--jsx' flag is provided.
src/components/product/CreateProductModal.tsx(222,41): error TS17004: Cannot use JSX unless the '--jsx' flag is provided.
src/components/product/CreateProductModal.tsx(223,45): error TS17004: Cannot use JSX unless the '--jsx' flag is provided.
src/components/product/CreateProductModal.tsx(223,65): error TS17004: Cannot use JSX unless the '--jsx' flag is provided.
src/components/product/CreateProductModal.tsx(224,45): error TS17004: Cannot use JSX unless the '--jsx' flag is provided.
src/components/product/CreateProductModal.tsx(230,45): error TS17004: Cannot use JSX unless the '--jsx' flag is provided.
src/components/product/CreateProductModal.tsx(234,37): error TS17004: Cannot use JSX unless the '--jsx' flag is provided.
src/components/product/CreateProductModal.tsx(235,41): error TS17004: Cannot use JSX unless the '--jsx' flag is provided.
src/components/product/CreateProductModal.tsx(236,45): error TS17004: Cannot use JSX unless the '--jsx' flag is provided.
src/components/product/CreateProductModal.tsx(237,45): error TS17004: Cannot use JSX unless the '--jsx' flag is provided.
src/components/product/CreateProductModal.tsx(243,45): error TS17004: Cannot use JSX unless the '--jsx' flag is provided.
src/components/product/CreateProductModal.tsx(251,33): error TS17004: Cannot use JSX unless the '--jsx' flag is provided.
src/components/product/CreateProductModal.tsx(252,37): error TS17004: Cannot use JSX unless the '--jsx' flag is provided.
src/components/product/CreateProductModal.tsx(253,41): error TS17004: Cannot use JSX unless the '--jsx' flag is provided.
src/components/product/CreateProductModal.tsx(254,45): error TS17004: Cannot use JSX unless the '--jsx' flag is provided.
src/components/product/CreateProductModal.tsx(255,45): error TS17004: Cannot use JSX unless the '--jsx' flag is provided.
src/components/product/CreateProductModal.tsx(256,49): error TS17004: Cannot use JSX unless the '--jsx' flag is provided.
src/components/product/CreateProductModal.tsx(256,62): error TS17004: Cannot use JSX unless the '--jsx' flag is provided.
src/components/product/CreateProductModal.tsx(256,77): error TS17004: Cannot use JSX unless the '--jsx' flag is provided.
src/components/product/CreateProductModal.tsx(257,49): error TS17004: Cannot use JSX unless the '--jsx' flag is provided.
src/components/product/CreateProductModal.tsx(258,53): error TS17004: Cannot use JSX unless the '--jsx' flag is provided.
src/components/product/CreateProductModal.tsx(259,53): error TS17004: Cannot use JSX unless the '--jsx' flag is provided.
src/components/product/CreateProductModal.tsx(260,53): error TS17004: Cannot use JSX unless the '--jsx' flag is provided.
src/components/product/CreateProductModal.tsx(263,45): error TS17004: Cannot use JSX unless the '--jsx' flag is provided.
src/components/product/CreateProductModal.tsx(267,37): error TS17004: Cannot use JSX unless the '--jsx' flag is provided.
src/components/product/CreateProductModal.tsx(268,41): error TS17004: Cannot use JSX unless the '--jsx' flag is provided.
src/components/product/CreateProductModal.tsx(269,45): error TS17004: Cannot use JSX unless the '--jsx' flag is provided.
src/components/product/CreateProductModal.tsx(270,45): error TS17004: Cannot use JSX unless the '--jsx' flag is provided.
src/components/product/CreateProductModal.tsx(270,58): error TS17004: Cannot use JSX unless the '--jsx' flag is provided.
src/components/product/CreateProductModal.tsx(271,45): error TS17004: Cannot use JSX unless the '--jsx' flag is provided.
src/components/product/CreateProductModal.tsx(279,33): error TS17004: Cannot use JSX unless the '--jsx' flag is provided.
src/components/product/CreateProductModal.tsx(280,37): error TS17004: Cannot use JSX unless the '--jsx' flag is provided.
src/components/product/CreateProductModal.tsx(281,41): error TS17004: Cannot use JSX unless the '--jsx' flag is provided.
src/components/product/CreateProductModal.tsx(282,45): error TS17004: Cannot use JSX unless the '--jsx' flag is provided.
src/components/product/CreateProductModal.tsx(283,49): error TS17004: Cannot use JSX unless the '--jsx' flag is provided.
src/components/product/CreateProductModal.tsx(284,49): error TS17004: Cannot use JSX unless the '--jsx' flag is provided.
src/components/product/CreateProductModal.tsx(285,53): error TS17004: Cannot use JSX unless the '--jsx' flag is provided.
src/components/product/CreateProductModal.tsx(285,66): error TS17004: Cannot use JSX unless the '--jsx' flag is provided.
src/components/product/CreateProductModal.tsx(286,53): error TS17004: Cannot use JSX unless the '--jsx' flag is provided.
src/components/product/CreateProductModal.tsx(286,134): error TS17004: Cannot use JSX unless the '--jsx' flag is provided.
src/components/product/CreateProductModal.tsx(288,49): error TS17004: Cannot use JSX unless the '--jsx' flag is provided.
src/components/product/CreateProductModal.tsx(291,41): error TS17004: Cannot use JSX unless the '--jsx' flag is provided.
src/components/product/CreateProductModal.tsx(292,45): error TS17004: Cannot use JSX unless the '--jsx' flag is provided.
src/components/product/CreateProductModal.tsx(293,49): error TS17004: Cannot use JSX unless the '--jsx' flag is provided.
src/components/product/CreateProductModal.tsx(294,49): error TS17004: Cannot use JSX unless the '--jsx' flag is provided.
src/components/product/CreateProductModal.tsx(294,62): error TS17004: Cannot use JSX unless the '--jsx' flag is provided.
src/components/product/CreateProductModal.tsx(295,49): error TS17004: Cannot use JSX unless the '--jsx' flag is provided.
src/components/product/CreateProductModal.tsx(300,37): error TS17004: Cannot use JSX unless the '--jsx' flag is provided.
src/components/product/CreateProductModal.tsx(301,41): error TS17004: Cannot use JSX unless the '--jsx' flag is provided.
src/components/product/CreateProductModal.tsx(302,41): error TS17004: Cannot use JSX unless the '--jsx' flag is provided.
src/components/product/CreateProductModal.tsx(303,77): error TS17004: Cannot use JSX unless the '--jsx' flag is provided.
src/components/product/CreateProductModal.tsx(304,76): error TS17004: Cannot use JSX unless the '--jsx' flag is provided.
src/components/product/CreateProductModal.tsx(314,17): error TS17004: Cannot use JSX unless the '--jsx' flag is provided.
src/components/product/CreateProductModal.tsx(315,21): error TS17004: Cannot use JSX unless the '--jsx' flag is provided.
src/components/product/CreateProductModal.tsx(320,25): error TS17004: Cannot use JSX unless the '--jsx' flag is provided.
src/components/product/CreateProductModal.tsx(321,39): error TS17004: Cannot use JSX unless the '--jsx' flag is provided.
src/components/product/CreateProductModal.tsx(324,25): error TS17004: Cannot use JSX unless the '--jsx' flag is provided.
src/components/product/CreateProductModal.tsx(324,60): error TS2345: Argument of type '(data: ProductFormValues) => Promise<void>' is not assignable to parameter of type 'SubmitHandler<TFieldValues>'.
  Types of parameters 'data' and 'data' are incompatible.
    Type 'TFieldValues' is not assignable to type '{ name: string; brand_id: number; category_id: number; type_code: "RETAIL" | "BLINDBOX" | "PREORDER"; price: number; sku: string; description?: string; media_urls?: string; series_id?: number; barcode?: string; }'.
      Type 'FieldValues' is missing the following properties from type '{ name: string; brand_id: number; category_id: number; type_code: "RETAIL" | "BLINDBOX" | "PREORDER"; price: number; sku: string; description?: string; media_urls?: string; series_id?: number; barcode?: string; }': name, brand_id, category_id, type_code, and 2 more.
src/components/product/CreateProductModal.tsx(325,40): error TS17004: Cannot use JSX unless the '--jsx' flag is provided.
src/components/product/CreateProductModal.tsx(325,87): error TS17004: Cannot use JSX unless the '--jsx' flag is provided.
